
relay: completed (exit 0)  ·  provider qwenmax
isolation: in-tree (live working tree)
touched files: 2
  ?? .codanna/
  ?? runs/

--- provider final report ---
The file contains **five** samples (MUESTRA A–E), not six; there is no MUESTRA F. I judge the five that exist.

---

SAMPLE A
  adult_dignity: 1
  local_closure: 8
  character_motivation: 6
  desire_to_continue: 1
  natural_spanish: 7
  sentence_pleasure: 2
  critical: yes
  evidence: "¿Puedes contar ocho? ¡Muy bien!" — the narrator addresses the reader as a preschooler being praised for counting, which fixes the dignity score and drags desire-to-continue and sentence pleasure down with it.

SAMPLE B
  adult_dignity: 9
  local_closure: 7
  character_motivation: 9
  desire_to_continue: 9
  natural_spanish: 9
  sentence_pleasure: 8
  critical: no
  evidence: "Pero no come el pan." — the scene lands as a complete emotional beat, but the letter itself stays unresolved, so the passage remains partly in debt to the next chapter.

SAMPLE C
  adult_dignity: 9
  local_closure: 7
  character_motivation: 8
  desire_to_continue: 8
  natural_spanish: 8
  sentence_pleasure: 7
  critical: no
  evidence: "Ana entiende." — the epiphany is announced in two flat words instead of dramatized, which caps sentence pleasure and shows the passage telling its meaning rather than earning it.

SAMPLE D
  adult_dignity: 2
  local_closure: 3
  character_motivation: 3
  desire_to_continue: 1
  natural_spanish: 4
  sentence_pleasure: 1
  critical: yes
  evidence: "Tiene el pelo negro y los ojos cafés. Es una persona simpática y trabajadora." — Carlos is an adjective inventory, not a person, which is why nothing in the passage wants anything and nothing gives any pleasure.

SAMPLE E
  adult_dignity: 9
  local_closure: 6
  character_motivation: 9
  desire_to_continue: 9
  natural_spanish: 8
  sentence_pleasure: 8
  critical: no
  evidence: "Y mañana, a las cinco, Ana pregunta en la panadería." — the passage closes by pointing at the next chapter instead of resolving, which is why local closure is 6 despite "Ahora la carta es de ella" landing well.

---

RANKING: B > E > C > D > A

---

**1. Most adult vs. least adult.** B is most clearly written for an adult; A is most clearly not. B's signals are all signals of adult fiction: subtext carried by omission ("Rosa no pregunta quién es Tomás Ferrer. No pregunta por qué... Pregunta dónde está la carta."), a transaction that means more than it says ("Hoy no pagas. Hoy el pan es mío."), adult labor and fatigue ("Ana cierra el quiosco a la una, duerme poco"), and an ending built on a symbolic refusal rather than a stated moral. A's signals are the inverse: a counting exercise ("¿Puedes contar ocho?"), reader address as "amigo lector", onomatopoeia as content ("¡Zas! ¡Zas! ¡Zas!", "¡Buaaa!", "¡Ji ji ji!"), an explicit moral ("¡Los amigos siempre ayudan!"), and the nursery closing "Y colorín colorado, este cuento se ha acabado." A is a picture book read aloud; B is a novel read alone at night.

**2. Strongest sample — the one specific thing.** B dramatizes refusal through indirection, and none of the others do. Rosa never answers Ana's question; instead she asks the question she actually cares about ("¿Dónde estaba?"), and her answer arrives as an object — too much bread, unpaid for. C and E both explain their own meaning ("Ahora Ana entiende que no es una mentira"; "Ana sabe qué es"), while B trusts the reader to decode a silence. That trust is the whole difference between adult fiction and graded content, and it survives the beginner ceiling intact.

**3. Weakest sample — what sinks it.** A, sunk by its address to the reader. D is dull, but D at least pretends the reader is an adult looking at an adult's life. A directly interpellates the reader as a small child to be praised — "¿Tú ayudas a tus amigos? ¿Por qué?" — and the brief specifies a reader who is *self-conscious about reading baby books*. That reader abandons A before the second page, not because the Spanish is bad (it is fine) but because the book has decided what kind of person is holding it.

**4. Would an adult pay for and finish any of this?** Yes — without hedging, for the Puerto Lento book that produced B, E, and C. B, E, C are clearly chapters of one novel (E's last line hands directly into B's scene), and B alone is good enough to sell the book: a tired adult reading at night gets a mystery, a town with a social code, and prose that respects them. I would finish that book. A and D: no adult described in this brief pays for either, and if they did, they would not read past the sample chapter. No politeness needed there.

---

<debate>
  <agreed_points>
    <point>The beginner vocabulary/grammar ceiling is a fixed constraint, not a defect; nothing above penalises simplicity itself.</point>
    <point>B, C, and E are chapters of the same Puerto Lento novel; A and D come from different books entirely.</point>
    <point>The comprehension-question blocks at the end of each sample are classroom furniture, and they mildly undercut the pleasure-reading frame even in the strong samples.</point>
  </agreed_points>
  <contested_points>
    <point id="1">
      <position_a>At least one sample here is genuinely suitable for an adult reader.</position_a>
      <position_b>None of these samples clears the bar for an adult reader.</position_b>
    </point>
    <point id="2">
      <position_a>The best sample's quality comes from craft the beginner constraint did not prevent.</position_a>
      <position_b>The beginner constraint makes all five functionally equivalent; ranking is noise.</position_b>
    </point>
    <point id="3">
      <position_a>Each top-ranked sample stands alone as a complete story.</position_a>
      <position_b>The top-ranked samples are fragments that only work as part of a longer work.</position_b>
    </point>
  </contested_points>
  <verdict contract="defend-or-concede">
    <for_point id="1">concede a</for_point>
    <for_point id="2">concede a</for_point>
    <for_point id="3">concede b</for_point>
  </verdict>
</debate>
--- end report ---

result: /var/folders/lb/5vwhyfv96bnfblmssx3795pw0000gp/T/delegate-relay/panel2-2026-08-13T01-03-01-755Z/result.json
relay created no worktree and made no commit. Review the diff and re-run the project gates in the current tree.
